<p>Paragraphs are separated by a blank line.</p>
<p>2nd paragraph. <em>Italic</em>, <strong>bold</strong>, and <code>monospace</code>.2<sup>3</sup>
done 這是中文</p>
