<p>Hi <a href="/z/programming" class="zone-link">programming</a> !<br>
concat two user <a href="/z/lala" class="zone-link">lala</a><a href="/z/qoo" class="zone-link">qoo</a><br>
This is not user /z/ab<br>
Long user name exceed max <a href="/z/abcdefghijklmnopqrst" class="zone-link">abcdefghijklmnopqrst</a>
/z/中文不會是
<a href="/z/abc" class="zone-link">abc</a>中文
<s><a href="/z/abc" class="zone-link">abc</a></s>
/z/null
/z/Null
不是只有null<a href="/z/nullba" class="zone-link">nullba</a>
大小寫<a href="/z/qoo" class="zone-link">qoo</a>OO
大小寫/z/Qoo
<a href="/z/pro-pro" class="zone-link">pro-pro</a>
<a href="/z/pro" class="zone-link">pro</a>--pro
/z/-zzz-bbb
<a href="/z/zzz" class="zone-link">zzz</a>-
no nested link:qoo/z/abc<span class="reference-link-index">1</span></p>
<div class="reference-appendix-block"><div class="reference-appendix-index">1</div><div  class="reference-appendix-wrap"><a href="http://qoo.com" rel="nofollow" target="_blank">http://qoo.com</a></div>
</div>