<p>Paragraphs are separated by a   blank line.</p>
<p>done 這是中文<br>
123</p>
