<p>Paragraphs are separated by a blank line.</p>
<p>2nd paragraph. <s>delete me</s>
這是中文~ok~</p>
