<p>Paragraphs are 𠮟separated by a blank line.</p>
<p>2nd paragraph. 𠮟<em>Italic</em>, <strong>bold𠮟</strong>, and <code>monospace</code>.2<sup>3</sup></p>
