<p>Hi <a href="/u/koji" class="user-link">/u/koji</a> !<br>
concat two user <a href="/u/lala" class="user-link">/u/lala</a><a href="/u/qoo" class="user-link">/u/qoo</a><br>
This is not user /u/ab<br>
Long user name exceed max <a href="/u/abcdefghijklmno" class="user-link">/u/abcdefghijklmno</a>pqrst
/u/中文不會是
<a href="/u/abc" class="user-link">/u/abc</a>中文
<s><a href="/u/abc" class="user-link">/u/abc</a></s>
no nested link:<a href="http://qoo.com" class="reference-link">qoo/u/abc</a><span class="reference-link-index">1</span>
not work in code block <code>/u/koji</code></p>
<pre><code>not work in code block /u/koji
</code></pre>
<div class="reference-appendix-block"><div class="reference-appendix-index">1</div><div  class="reference-appendix-wrap"><a href="http://qoo.com" rel="nofollow" target="_blank">http://qoo.com</a></div>
</div>