<p>Paragraphs are separated by a blank line.</p>
<ul>
<li>this one</li>
<li>that one</li>
<li>the other one</li>
</ul>
<p>Paragraphs are separated by a blank line.</p>
<ul>
<li>this one</li>
<li>that one</li>
<li>the other one</li>
</ul>
<p>Paragraphs are separated by a blank line.</p>
<ul>
<li>this one</li>
<li>that one</li>
<li>the other one</li>
</ul>
<p>Paragraphs are separated by a blank line.</p>
<ol>
<li>this one</li>
<li>that one</li>
<li>the other one</li>
</ol>
