<p>test inline link1 [an example1](http://example.com/ &quot;Title&quot;)
test inline link2 [an example2](http://example.com/)</p>
