<p>Paragraphs are separated by a blank line.</p>
<p>Paragraphs are separated by a blank line.</p>
<p>Paragraphs are separated by a blank line.</p>
