<p>Paragraphs are separated by a blank line.</p>
<blockquote><p>2nd paragraph. <em>Italic</em>, <strong>bold</strong>, and <code>monospace</code>.
so?
okma?</p>
</blockquote>
